// Jest Snapshot v1, https://goo.gl/fbAQLP

exports[`Verify hierarchy shows as expected 1`] = `
<transform
  scale={
    Object {
      "x": 3,
      "y": 3,
      "z": 3,
    }
  }
/>
`;
