// Jest Snapshot v1, https://goo.gl/fbAQLP

exports[`Verify hierarchy shows as expected 1`] = `
<nTransform
  scale={3}
/>
`;
